// Jest Snapshot v1, https://goo.gl/fbAQLP

exports[`renders correctly 1`] = `
<DocumentFragment>
  <button
    class="MuiButtonBase-root MuiButton-root MuiButton-text makeStyles-root-1"
    tabindex="0"
    type="button"
  >
    <span
      class="MuiButton-label"
    >
      <p
        class="MuiTypography-root MuiTypography-body1"
      />
    </span>
    <span
      class="MuiTouchRipple-root"
    />
  </button>
</DocumentFragment>
`;
